[2026-08-18T23:52:58.840Z] 11:52:58 PM [vite] (client) page reload .next/server/app/_global-error.html
[2026-08-18T23:52:58.840Z] 11:52:58 PM [vite] (client) page reload .next/server/app/_not-found.html
[2026-08-18T23:52:58.840Z] 11:52:58 PM [vite] (client) page reload .next/server/app/index.html
[2026-08-18T23:52:58.840Z] 11:52:58 PM [vite] (client) page reload .next/server/app/parceiros.html
[2026-08-18T23:52:58.840Z] 11:52:58 PM [vite] (client) page reload .next/server/pages/404.html
[2026-08-18T23:52:58.840Z] 11:52:58 PM [vite] (client) page reload .next/server/pages/500.html
[2026-08-18T23:53:08.857Z] 11:53:08 PM [vite] (client) page reload .next/server/app/_global-error.html
[2026-08-18T23:53:08.859Z] 11:53:08 PM [vite] (client) page reload .next/server/app/_global-error.html
[2026-08-18T23:53:20.342Z] 11:53:20 PM [vite] (client) page reload .next/server/app/_global-error.html
[2026-08-18T23:53:28.476Z] 11:53:28 PM [vite] (client) page reload .next/server/app/_global-error.html
[2026-08-18T23:53:28.478Z] 11:53:28 PM [vite] (client) page reload .next/server/app/index.html
[2026-08-18T23:53:28.489Z] 11:53:28 PM [vite] (client) page reload .next/server/app/bpo.html
[2026-08-18T23:53:28.489Z] 11:53:28 PM [vite] (client) page reload .next/server/app/contrato.html
[2026-08-18T23:53:28.492Z] 11:53:28 PM [vite] (client) page reload .next/server/app/_not-found.html
[2026-08-18T23:53:28.492Z] 11:53:28 PM [vite] (client) page reload .next/server/app/analisai.html
[2026-08-18T23:53:28.492Z] 11:53:28 PM [vite] (client) page reload .next/server/app/parceiros.html
[2026-08-18T23:53:28.530Z] 11:53:28 PM [vite] (client) page reload .next/server/app/privacidade.html
[2026-08-18T23:53:28.530Z] 11:53:28 PM [vite] (client) page reload .next/server/app/termos.html
[2026-08-18T23:53:28.539Z] 11:53:28 PM [vite] (client) page reload .next/server/pages/404.html
[2026-08-18T23:53:28.539Z] 11:53:28 PM [vite] (client) page reload .next/server/pages/500.html
[2026-08-18T23:54:33.639Z] 11:54:33 PM [vite] (client) page reload .next/server/app/_global-error.html
[2026-08-18T23:54:33.640Z] 11:54:33 PM [vite] (client) page reload .next/server/app/index.html
[2026-08-18T23:54:33.641Z] 11:54:33 PM [vite] (client) page reload .next/server/app/bpo.html
[2026-08-18T23:54:33.641Z] 11:54:33 PM [vite] (client) page reload .next/server/app/contrato.html
[2026-08-18T23:54:33.641Z] 11:54:33 PM [vite] (client) page reload .next/server/app/analisai.html
[2026-08-18T23:54:33.641Z] 11:54:33 PM [vite] (client) page reload .next/server/app/parceiros.html
[2026-08-18T23:54:33.641Z] 11:54:33 PM [vite] (client) page reload .next/server/app/_not-found.html
[2026-08-18T23:54:33.641Z] 11:54:33 PM [vite] (client) page reload .next/server/app/privacidade.html
[2026-08-18T23:54:33.641Z] 11:54:33 PM [vite] (client) page reload .next/server/app/termos.html
[2026-08-18T23:54:33.641Z] 11:54:33 PM [vite] (client) page reload .next/server/pages/404.html
[2026-08-18T23:54:33.641Z] 11:54:33 PM [vite] (client) page reload .next/server/pages/500.html
[2026-08-18T23:54:41.054Z] 11:54:41 PM [vite] (client) page reload .next/server/app/_global-error.html
[2026-08-18T23:54:41.056Z] 11:54:41 PM [vite] (client) page reload .next/server/app/_global-error.html
[2026-08-18T23:54:41.056Z] 11:54:41 PM [vite] (client) page reload .next/server/app/index.html
[2026-08-18T23:54:41.068Z] 11:54:41 PM [vite] (client) page reload .next/server/app/_not-found.html
[2026-08-18T23:54:41.069Z] 11:54:41 PM [vite] (client) page reload .next/server/app/analisai.html
[2026-08-18T23:54:41.069Z] 11:54:41 PM [vite] (client) page reload .next/server/app/bpo.html
[2026-08-18T23:54:41.069Z] 11:54:41 PM [vite] (client) page reload .next/server/app/contrato.html
[2026-08-18T23:54:41.069Z] 11:54:41 PM [vite] (client) page reload .next/server/app/parceiros.html
[2026-08-18T23:54:41.104Z] 11:54:41 PM [vite] (client) page reload .next/server/app/privacidade.html
[2026-08-18T23:54:41.104Z] 11:54:41 PM [vite] (client) page reload .next/server/app/termos.html
[2026-08-18T23:54:41.128Z] 11:54:41 PM [vite] (client) page reload .next/server/pages/404.html
[2026-08-18T23:54:41.128Z] 11:54:41 PM [vite] (client) page reload .next/server/pages/500.html
[2026-08-18T23:54:50.073Z] ELIFECYCLE  Command failed.
[2026-08-18T23:54:50.139Z] Dev server exited with code -1
[2026-08-18T23:54:51.181Z] Starting dev server with command: pnpm run dev
[2026-08-18T23:54:52.330Z] ? Verifying lockfile against supply-chain policies (741 entries)...
[2026-08-18T23:54:55.525Z] ✓ Lockfile passes supply-chain policies (741 entries in 3.1s)
[2026-08-18T23:54:55.540Z] [WARN] Moving @types/node that was installed by a different package manager to "node_modules/.ignored"
[2026-08-18T23:54:55.540Z] [WARN] Moving @types/react that was installed by a different package manager to "node_modules/.ignored"
[2026-08-18T23:54:55.540Z] [WARN] Moving @types/react-dom that was installed by a different package manager to "node_modules/.ignored"
[2026-08-18T23:54:55.540Z] [WARN] Moving eslint that was installed by a different package manager to "node_modules/.ignored"
[2026-08-18T23:54:55.540Z] [WARN] Moving tailwindcss that was installed by a different package manager to "node_modules/.ignored"
[2026-08-18T23:54:55.540Z] [WARN] Moving eslint-config-next that was installed by a different package manager to "node_modules/.ignored"
[2026-08-18T23:54:55.541Z] [WARN] Moving typescript that was installed by a different package manager to "node_modules/.ignored"
[2026-08-18T23:54:55.541Z] [WARN] Moving @tailwindcss/postcss that was installed by a different package manager to "node_modules/.ignored"
[2026-08-18T23:54:55.541Z] [WARN] Moving @supabase/ssr that was installed by a different package manager to "node_modules/.ignored"
[2026-08-18T23:54:55.541Z] [WARN] Moving @supabase/supabase-js that was installed by a different package manager to "node_modules/.ignored"
[2026-08-18T23:54:55.541Z] [WARN] Moving @types/papaparse that was installed by a different package manager to "node_modules/.ignored"
[2026-08-18T23:54:55.541Z] [WARN] Moving lucide-react that was installed by a different package manager to "node_modules/.ignored"
[2026-08-18T23:54:55.541Z] [WARN] Moving next that was installed by a different package manager to "node_modules/.ignored"
[2026-08-18T23:54:55.542Z] [WARN] Moving papaparse that was installed by a different package manager to "node_modules/.ignored"
[2026-08-18T23:54:55.542Z] [WARN] Moving react that was installed by a different package manager to "node_modules/.ignored"
[2026-08-18T23:54:55.542Z] [WARN] Moving react-dom that was installed by a different package manager to "node_modules/.ignored"
[2026-08-18T23:54:55.542Z] [WARN] Moving recharts that was installed by a different package manager to "node_modules/.ignored"
[2026-08-18T23:54:55.542Z] [WARN] Moving date-fns that was installed by a different package manager to "node_modules/.ignored"
[2026-08-18T23:54:55.542Z] [WARN] Moving @google/generative-ai that was installed by a different package manager to "node_modules/.ignored"
[2026-08-18T23:54:55.572Z] Progress: resolved 1, reused 0, downloaded 0, added 0
[2026-08-18T23:54:56.619Z] Progress: resolved 18, reused 3, downloaded 13, added 0
[2026-08-18T23:54:57.991Z] Progress: resolved 19, reused 3, downloaded 15, added 0
[2026-08-18T23:54:58.992Z] Progress: resolved 89, reused 8, downloaded 80, added 0
[2026-08-18T23:55:00.062Z] Progress: resolved 101, reused 8, downloaded 82, added 0
[2026-08-18T23:55:01.112Z] Progress: resolved 191, reused 26, downloaded 138, added 0
[2026-08-18T23:55:02.127Z] Progress: resolved 254, reused 54, downloaded 159, added 0
[2026-08-18T23:55:03.133Z] Progress: resolved 260, reused 60, downloaded 159, added 0
[2026-08-18T23:55:04.226Z] Progress: resolved 383, reused 146, downloaded 163, added 0
[2026-08-18T23:55:05.227Z] Progress: resolved 473, reused 191, downloaded 210, added 0
[2026-08-18T23:55:05.782Z] Packages: +413
[2026-08-18T23:55:05.782Z] ++++++++++++++++++++++++++++++++++++++++++++++++++++++++++++++++++++++++++++++++
[2026-08-18T23:55:05.817Z] Packages are hard linked from the content-addressable store to the virtual store.
[2026-08-18T23:55:05.817Z] Content-addressable store is at: /home/ubuntu/.local/share/pnpm/store/v11
[2026-08-18T23:55:05.817Z] Virtual store is at:             node_modules/.pnpm
[2026-08-18T23:55:06.193Z] Progress: resolved 492, reused 192, downloaded 228, added 413, done
[2026-08-18T23:55:06.652Z] dependencies:
[2026-08-18T23:55:06.652Z] + @google/generative-ai 0.24.1
[2026-08-18T23:55:06.652Z] + @supabase/ssr 0.12.4
[2026-08-18T23:55:06.652Z] + @supabase/supabase-js 2.112.3
[2026-08-18T23:55:06.652Z] + @types/papaparse 5.5.2
[2026-08-18T23:55:06.652Z] + date-fns 4.4.0
[2026-08-18T23:55:06.652Z] + lucide-react 1.31.0
[2026-08-18T23:55:06.652Z] + next 16.3.0 (16.3.1 is available)
[2026-08-18T23:55:06.652Z] + papaparse 5.6.0
[2026-08-18T23:55:06.652Z] + react 19.2.8
[2026-08-18T23:55:06.652Z] + react-dom 19.2.8
[2026-08-18T23:55:06.652Z] + recharts 3.10.1
[2026-08-18T23:55:06.652Z] devDependencies:
[2026-08-18T23:55:06.652Z] + @tailwindcss/postcss 4.3.3
[2026-08-18T23:55:06.652Z] + @types/node 20.19.43 (26.2.0 is available)
[2026-08-18T23:55:06.652Z] + @types/react 19.2.1 (19.2.18 is available)
[2026-08-18T23:55:06.652Z] + @types/react-dom 19.2.1 (19.2.4 is available)
[2026-08-18T23:55:06.652Z] + eslint 9.39.5 (10.8.1 is available)
[2026-08-18T23:55:06.652Z] + eslint-config-next 16.3.0 (16.3.1 is available)
[2026-08-18T23:55:06.652Z] + tailwindcss 4.3.3
[2026-08-18T23:55:06.652Z] + typescript 5.6.3 (7.0.2 is available)
[2026-08-18T23:55:06.685Z] [ERR_PNPM_IGNORED_BUILDS] Ignored build scripts: unrs-resolver@1.12.2
[2026-08-18T23:55:06.685Z] Run "pnpm approve-builds" to pick which dependencies should be allowed to run scripts.
[2026-08-18T23:55:06.811Z] [ERROR] Command failed with exit code 1: pnpm install
[2026-08-18T23:55:06.811Z] pnpm: Command failed with exit code 1: pnpm install
[2026-08-18T23:55:06.811Z] at getFinalError (file:///home/ubuntu/.nvm/versions/node/v22.13.0/lib/node_modules/pnpm/dist/pnpm.mjs:89001:14)
[2026-08-18T23:55:06.811Z] at makeError (file:///home/ubuntu/.nvm/versions/node/v22.13.0/lib/node_modules/pnpm/dist/pnpm.mjs:91308:21)
[2026-08-18T23:55:06.811Z] at getSyncResult (file:///home/ubuntu/.nvm/versions/node/v22.13.0/lib/node_modules/pnpm/dist/pnpm.mjs:93152:10)
[2026-08-18T23:55:06.811Z] at spawnSubprocessSync (file:///home/ubuntu/.nvm/versions/node/v22.13.0/lib/node_modules/pnpm/dist/pnpm.mjs:93112:14)
[2026-08-18T23:55:06.811Z] at execaCoreSync (file:///home/ubuntu/.nvm/versions/node/v22.13.0/lib/node_modules/pnpm/dist/pnpm.mjs:93042:23)
[2026-08-18T23:55:06.811Z] at callBoundExeca (file:///home/ubuntu/.nvm/versions/node/v22.13.0/lib/node_modules/pnpm/dist/pnpm.mjs:95570:23)
[2026-08-18T23:55:06.811Z] at boundExeca (file:///home/ubuntu/.nvm/versions/node/v22.13.0/lib/node_modules/pnpm/dist/pnpm.mjs:95547:49)
[2026-08-18T23:55:06.811Z] at sync2 (file:///home/ubuntu/.nvm/versions/node/v22.13.0/lib/node_modules/pnpm/dist/pnpm.mjs:95702:14)
[2026-08-18T23:55:06.811Z] at runPnpmCli (file:///home/ubuntu/.nvm/versions/node/v22.13.0/lib/node_modules/pnpm/dist/pnpm.mjs:252538:5)
[2026-08-18T23:55:06.811Z] at runDepsStatusCheck (file:///home/ubuntu/.nvm/versions/node/v22.13.0/lib/node_modules/pnpm/dist/pnpm.mjs:254302:7)
[2026-08-18T23:55:06.829Z] Dev server exited with code 1
[2026-08-18T23:55:22.245Z] Starting dev server with command: pnpm run dev
[2026-08-18T23:55:23.407Z] ✓ Lockfile passes supply-chain policies (verified 16s ago)
[2026-08-18T23:55:23.412Z] Lockfile is up to date, resolution step is skipped
[2026-08-18T23:55:23.498Z] Already up to date
[2026-08-18T23:55:23.930Z] [ERR_PNPM_IGNORED_BUILDS] Ignored build scripts: unrs-resolver@1.12.2
[2026-08-18T23:55:23.930Z] Run "pnpm approve-builds" to pick which dependencies should be allowed to run scripts.
[2026-08-18T23:55:23.981Z] [ERROR] Command failed with exit code 1: pnpm install
[2026-08-18T23:55:23.981Z] pnpm: Command failed with exit code 1: pnpm install
[2026-08-18T23:55:23.981Z] at getFinalError (file:///home/ubuntu/.nvm/versions/node/v22.13.0/lib/node_modules/pnpm/dist/pnpm.mjs:89001:14)
[2026-08-18T23:55:23.981Z] at makeError (file:///home/ubuntu/.nvm/versions/node/v22.13.0/lib/node_modules/pnpm/dist/pnpm.mjs:91308:21)
[2026-08-18T23:55:23.981Z] at getSyncResult (file:///home/ubuntu/.nvm/versions/node/v22.13.0/lib/node_modules/pnpm/dist/pnpm.mjs:93152:10)
[2026-08-18T23:55:23.981Z] at spawnSubprocessSync (file:///home/ubuntu/.nvm/versions/node/v22.13.0/lib/node_modules/pnpm/dist/pnpm.mjs:93112:14)
[2026-08-18T23:55:23.981Z] at execaCoreSync (file:///home/ubuntu/.nvm/versions/node/v22.13.0/lib/node_modules/pnpm/dist/pnpm.mjs:93042:23)
[2026-08-18T23:55:23.981Z] at callBoundExeca (file:///home/ubuntu/.nvm/versions/node/v22.13.0/lib/node_modules/pnpm/dist/pnpm.mjs:95570:23)
[2026-08-18T23:55:23.981Z] at boundExeca (file:///home/ubuntu/.nvm/versions/node/v22.13.0/lib/node_modules/pnpm/dist/pnpm.mjs:95547:49)
[2026-08-18T23:55:23.981Z] at sync2 (file:///home/ubuntu/.nvm/versions/node/v22.13.0/lib/node_modules/pnpm/dist/pnpm.mjs:95702:14)
[2026-08-18T23:55:23.981Z] at runPnpmCli (file:///home/ubuntu/.nvm/versions/node/v22.13.0/lib/node_modules/pnpm/dist/pnpm.mjs:252538:5)
[2026-08-18T23:55:23.981Z] at runDepsStatusCheck (file:///home/ubuntu/.nvm/versions/node/v22.13.0/lib/node_modules/pnpm/dist/pnpm.mjs:254302:7)
[2026-08-18T23:55:24.000Z] Dev server exited with code 1
[2026-08-19T00:00:02.711Z] Starting dev server with command: pnpm run dev
[2026-08-19T00:00:03.810Z] ✓ Lockfile passes supply-chain policies (verified 4m ago)
[2026-08-19T00:00:03.815Z] Lockfile is up to date, resolution step is skipped
[2026-08-19T00:00:03.865Z] Progress: resolved 1, reused 0, downloaded 0, added 0
[2026-08-19T00:00:03.911Z] Packages: +413
[2026-08-19T00:00:03.911Z] ++++++++++++++++++++++++++++++++++++++++++++++++++++++++++++++++++++++++++++++++
[2026-08-19T00:00:04.226Z] Packages are hard linked from the content-addressable store to the virtual store.
[2026-08-19T00:00:04.226Z] Content-addressable store is at: /home/ubuntu/.local/share/pnpm/store/v11
[2026-08-19T00:00:04.226Z] Virtual store is at:             node_modules/.pnpm
[2026-08-19T00:00:04.504Z] Progress: resolved 413, reused 413, downloaded 0, added 413, done
[2026-08-19T00:00:04.786Z] dependencies:
[2026-08-19T00:00:04.786Z] + @google/generative-ai 0.24.1
[2026-08-19T00:00:04.786Z] + @supabase/ssr 0.12.4
[2026-08-19T00:00:04.786Z] + @supabase/supabase-js 2.112.3
[2026-08-19T00:00:04.786Z] + @types/papaparse 5.5.2
[2026-08-19T00:00:04.786Z] + date-fns 4.4.0
[2026-08-19T00:00:04.786Z] + lucide-react 1.31.0
[2026-08-19T00:00:04.786Z] + next 16.3.0
[2026-08-19T00:00:04.786Z] + papaparse 5.6.0
[2026-08-19T00:00:04.786Z] + react 19.2.8
[2026-08-19T00:00:04.786Z] + react-dom 19.2.8
[2026-08-19T00:00:04.786Z] + recharts 3.10.1
[2026-08-19T00:00:04.786Z] devDependencies:
[2026-08-19T00:00:04.786Z] + @tailwindcss/postcss 4.3.3
[2026-08-19T00:00:04.786Z] + @types/node 20.19.43
[2026-08-19T00:00:04.786Z] + @types/react 19.2.1
[2026-08-19T00:00:04.786Z] + @types/react-dom 19.2.1
[2026-08-19T00:00:04.786Z] + eslint 9.39.5
[2026-08-19T00:00:04.786Z] + eslint-config-next 16.3.0
[2026-08-19T00:00:04.786Z] + tailwindcss 4.3.3
[2026-08-19T00:00:04.786Z] + typescript 5.6.3
[2026-08-19T00:00:04.970Z] [ERR_PNPM_IGNORED_BUILDS] Ignored build scripts: unrs-resolver@1.12.2
[2026-08-19T00:00:04.970Z] Run "pnpm approve-builds" to pick which dependencies should be allowed to run scripts.
[2026-08-19T00:00:05.025Z] [ERROR] Command failed with exit code 1: pnpm install
[2026-08-19T00:00:05.025Z] pnpm: Command failed with exit code 1: pnpm install
[2026-08-19T00:00:05.025Z] at getFinalError (file:///home/ubuntu/.nvm/versions/node/v22.13.0/lib/node_modules/pnpm/dist/pnpm.mjs:89001:14)
[2026-08-19T00:00:05.025Z] at makeError (file:///home/ubuntu/.nvm/versions/node/v22.13.0/lib/node_modules/pnpm/dist/pnpm.mjs:91308:21)
[2026-08-19T00:00:05.025Z] at getSyncResult (file:///home/ubuntu/.nvm/versions/node/v22.13.0/lib/node_modules/pnpm/dist/pnpm.mjs:93152:10)
[2026-08-19T00:00:05.025Z] at spawnSubprocessSync (file:///home/ubuntu/.nvm/versions/node/v22.13.0/lib/node_modules/pnpm/dist/pnpm.mjs:93112:14)
[2026-08-19T00:00:05.025Z] at execaCoreSync (file:///home/ubuntu/.nvm/versions/node/v22.13.0/lib/node_modules/pnpm/dist/pnpm.mjs:93042:23)
[2026-08-19T00:00:05.025Z] at callBoundExeca (file:///home/ubuntu/.nvm/versions/node/v22.13.0/lib/node_modules/pnpm/dist/pnpm.mjs:95570:23)
[2026-08-19T00:00:05.025Z] at boundExeca (file:///home/ubuntu/.nvm/versions/node/v22.13.0/lib/node_modules/pnpm/dist/pnpm.mjs:95547:49)
[2026-08-19T00:00:05.025Z] at sync2 (file:///home/ubuntu/.nvm/versions/node/v22.13.0/lib/node_modules/pnpm/dist/pnpm.mjs:95702:14)
[2026-08-19T00:00:05.025Z] at runPnpmCli (file:///home/ubuntu/.nvm/versions/node/v22.13.0/lib/node_modules/pnpm/dist/pnpm.mjs:252538:5)
[2026-08-19T00:00:05.025Z] at runDepsStatusCheck (file:///home/ubuntu/.nvm/versions/node/v22.13.0/lib/node_modules/pnpm/dist/pnpm.mjs:254302:7)
[2026-08-19T00:00:05.043Z] Dev server exited with code 1
[2026-08-19T00:05:46.743Z] Starting dev server with command: pnpm run dev
[2026-08-19T00:05:47.865Z] ✓ Lockfile passes supply-chain policies (verified 10m ago)
[2026-08-19T00:05:47.869Z] Lockfile is up to date, resolution step is skipped
[2026-08-19T00:05:47.942Z] Already up to date
[2026-08-19T00:05:48.483Z] [ERR_PNPM_IGNORED_BUILDS] Ignored build scripts: unrs-resolver@1.12.2
[2026-08-19T00:05:48.483Z] Run "pnpm approve-builds" to pick which dependencies should be allowed to run scripts.
[2026-08-19T00:05:48.539Z] [ERROR] Command failed with exit code 1: pnpm install
[2026-08-19T00:05:48.539Z] pnpm: Command failed with exit code 1: pnpm install
[2026-08-19T00:05:48.539Z] at getFinalError (file:///home/ubuntu/.nvm/versions/node/v22.13.0/lib/node_modules/pnpm/dist/pnpm.mjs:89001:14)
[2026-08-19T00:05:48.539Z] at makeError (file:///home/ubuntu/.nvm/versions/node/v22.13.0/lib/node_modules/pnpm/dist/pnpm.mjs:91308:21)
[2026-08-19T00:05:48.539Z] at getSyncResult (file:///home/ubuntu/.nvm/versions/node/v22.13.0/lib/node_modules/pnpm/dist/pnpm.mjs:93152:10)
[2026-08-19T00:05:48.539Z] at spawnSubprocessSync (file:///home/ubuntu/.nvm/versions/node/v22.13.0/lib/node_modules/pnpm/dist/pnpm.mjs:93112:14)
[2026-08-19T00:05:48.539Z] at execaCoreSync (file:///home/ubuntu/.nvm/versions/node/v22.13.0/lib/node_modules/pnpm/dist/pnpm.mjs:93042:23)
[2026-08-19T00:05:48.539Z] at callBoundExeca (file:///home/ubuntu/.nvm/versions/node/v22.13.0/lib/node_modules/pnpm/dist/pnpm.mjs:95570:23)
[2026-08-19T00:05:48.539Z] at boundExeca (file:///home/ubuntu/.nvm/versions/node/v22.13.0/lib/node_modules/pnpm/dist/pnpm.mjs:95547:49)
[2026-08-19T00:05:48.539Z] at sync2 (file:///home/ubuntu/.nvm/versions/node/v22.13.0/lib/node_modules/pnpm/dist/pnpm.mjs:95702:14)
[2026-08-19T00:05:48.539Z] at runPnpmCli (file:///home/ubuntu/.nvm/versions/node/v22.13.0/lib/node_modules/pnpm/dist/pnpm.mjs:252538:5)
[2026-08-19T00:05:48.539Z] at runDepsStatusCheck (file:///home/ubuntu/.nvm/versions/node/v22.13.0/lib/node_modules/pnpm/dist/pnpm.mjs:254302:7)
[2026-08-19T00:05:48.558Z] Dev server exited with code 1
[2026-08-19T00:09:13.339Z] Starting dev server with command: pnpm run dev
[2026-08-19T00:09:14.407Z] ✓ Lockfile passes supply-chain policies (verified 14m ago)
[2026-08-19T00:09:14.412Z] Lockfile is up to date, resolution step is skipped
[2026-08-19T00:09:14.484Z] Already up to date
[2026-08-19T00:09:14.952Z] [ERR_PNPM_IGNORED_BUILDS] Ignored build scripts: unrs-resolver@1.12.2
[2026-08-19T00:09:14.952Z] Run "pnpm approve-builds" to pick which dependencies should be allowed to run scripts.
[2026-08-19T00:09:15.002Z] [ERROR] Command failed with exit code 1: pnpm install
[2026-08-19T00:09:15.002Z] pnpm: Command failed with exit code 1: pnpm install
[2026-08-19T00:09:15.002Z] at getFinalError (file:///home/ubuntu/.nvm/versions/node/v22.13.0/lib/node_modules/pnpm/dist/pnpm.mjs:89001:14)
[2026-08-19T00:09:15.002Z] at makeError (file:///home/ubuntu/.nvm/versions/node/v22.13.0/lib/node_modules/pnpm/dist/pnpm.mjs:91308:21)
[2026-08-19T00:09:15.002Z] at getSyncResult (file:///home/ubuntu/.nvm/versions/node/v22.13.0/lib/node_modules/pnpm/dist/pnpm.mjs:93152:10)
[2026-08-19T00:09:15.002Z] at spawnSubprocessSync (file:///home/ubuntu/.nvm/versions/node/v22.13.0/lib/node_modules/pnpm/dist/pnpm.mjs:93112:14)
[2026-08-19T00:09:15.002Z] at execaCoreSync (file:///home/ubuntu/.nvm/versions/node/v22.13.0/lib/node_modules/pnpm/dist/pnpm.mjs:93042:23)
[2026-08-19T00:09:15.002Z] at callBoundExeca (file:///home/ubuntu/.nvm/versions/node/v22.13.0/lib/node_modules/pnpm/dist/pnpm.mjs:95570:23)
[2026-08-19T00:09:15.002Z] at boundExeca (file:///home/ubuntu/.nvm/versions/node/v22.13.0/lib/node_modules/pnpm/dist/pnpm.mjs:95547:49)
[2026-08-19T00:09:15.003Z] at sync2 (file:///home/ubuntu/.nvm/versions/node/v22.13.0/lib/node_modules/pnpm/dist/pnpm.mjs:95702:14)
[2026-08-19T00:09:15.003Z] at runPnpmCli (file:///home/ubuntu/.nvm/versions/node/v22.13.0/lib/node_modules/pnpm/dist/pnpm.mjs:252538:5)
[2026-08-19T00:09:15.003Z] at runDepsStatusCheck (file:///home/ubuntu/.nvm/versions/node/v22.13.0/lib/node_modules/pnpm/dist/pnpm.mjs:254302:7)
[2026-08-19T00:09:15.021Z] Dev server exited with code 1
[2026-08-19T00:18:38.323Z] Starting dev server with command: pnpm run dev
[2026-08-19T00:18:39.471Z] ✓ Lockfile passes supply-chain policies (verified 23m ago)
[2026-08-19T00:18:39.476Z] Lockfile is up to date, resolution step is skipped
[2026-08-19T00:18:39.584Z] Already up to date
[2026-08-19T00:18:40.154Z] [ERR_PNPM_IGNORED_BUILDS] Ignored build scripts: unrs-resolver@1.12.2
[2026-08-19T00:18:40.154Z] Run "pnpm approve-builds" to pick which dependencies should be allowed to run scripts.
[2026-08-19T00:18:40.206Z] [ERROR] Command failed with exit code 1: pnpm install
[2026-08-19T00:18:40.206Z] pnpm: Command failed with exit code 1: pnpm install
[2026-08-19T00:18:40.206Z] at getFinalError (file:///home/ubuntu/.nvm/versions/node/v22.13.0/lib/node_modules/pnpm/dist/pnpm.mjs:89001:14)
[2026-08-19T00:18:40.206Z] at makeError (file:///home/ubuntu/.nvm/versions/node/v22.13.0/lib/node_modules/pnpm/dist/pnpm.mjs:91308:21)
[2026-08-19T00:18:40.206Z] at getSyncResult (file:///home/ubuntu/.nvm/versions/node/v22.13.0/lib/node_modules/pnpm/dist/pnpm.mjs:93152:10)
[2026-08-19T00:18:40.206Z] at spawnSubprocessSync (file:///home/ubuntu/.nvm/versions/node/v22.13.0/lib/node_modules/pnpm/dist/pnpm.mjs:93112:14)
[2026-08-19T00:18:40.206Z] at execaCoreSync (file:///home/ubuntu/.nvm/versions/node/v22.13.0/lib/node_modules/pnpm/dist/pnpm.mjs:93042:23)
[2026-08-19T00:18:40.206Z] at callBoundExeca (file:///home/ubuntu/.nvm/versions/node/v22.13.0/lib/node_modules/pnpm/dist/pnpm.mjs:95570:23)
[2026-08-19T00:18:40.206Z] at boundExeca (file:///home/ubuntu/.nvm/versions/node/v22.13.0/lib/node_modules/pnpm/dist/pnpm.mjs:95547:49)
[2026-08-19T00:18:40.206Z] at sync2 (file:///home/ubuntu/.nvm/versions/node/v22.13.0/lib/node_modules/pnpm/dist/pnpm.mjs:95702:14)
[2026-08-19T00:18:40.206Z] at runPnpmCli (file:///home/ubuntu/.nvm/versions/node/v22.13.0/lib/node_modules/pnpm/dist/pnpm.mjs:252538:5)
[2026-08-19T00:18:40.206Z] at runDepsStatusCheck (file:///home/ubuntu/.nvm/versions/node/v22.13.0/lib/node_modules/pnpm/dist/pnpm.mjs:254302:7)
[2026-08-19T00:18:40.224Z] Dev server exited with code 1
[2026-08-19T00:25:41.178Z] Starting dev server with command: pnpm run dev
[2026-08-19T00:25:42.276Z] ✓ Lockfile passes supply-chain policies (verified 30m ago)
[2026-08-19T00:25:42.281Z] Lockfile is up to date, resolution step is skipped
[2026-08-19T00:25:42.354Z] Already up to date
[2026-08-19T00:25:42.825Z] [ERR_PNPM_IGNORED_BUILDS] Ignored build scripts: unrs-resolver@1.12.2
[2026-08-19T00:25:42.825Z] Run "pnpm approve-builds" to pick which dependencies should be allowed to run scripts.
[2026-08-19T00:25:42.875Z] [ERROR] Command failed with exit code 1: pnpm install
[2026-08-19T00:25:42.875Z] pnpm: Command failed with exit code 1: pnpm install
[2026-08-19T00:25:42.875Z] at getFinalError (file:///home/ubuntu/.nvm/versions/node/v22.13.0/lib/node_modules/pnpm/dist/pnpm.mjs:89001:14)
[2026-08-19T00:25:42.875Z] at makeError (file:///home/ubuntu/.nvm/versions/node/v22.13.0/lib/node_modules/pnpm/dist/pnpm.mjs:91308:21)
[2026-08-19T00:25:42.875Z] at getSyncResult (file:///home/ubuntu/.nvm/versions/node/v22.13.0/lib/node_modules/pnpm/dist/pnpm.mjs:93152:10)
[2026-08-19T00:25:42.875Z] at spawnSubprocessSync (file:///home/ubuntu/.nvm/versions/node/v22.13.0/lib/node_modules/pnpm/dist/pnpm.mjs:93112:14)
[2026-08-19T00:25:42.875Z] at execaCoreSync (file:///home/ubuntu/.nvm/versions/node/v22.13.0/lib/node_modules/pnpm/dist/pnpm.mjs:93042:23)
[2026-08-19T00:25:42.876Z] at callBoundExeca (file:///home/ubuntu/.nvm/versions/node/v22.13.0/lib/node_modules/pnpm/dist/pnpm.mjs:95570:23)
[2026-08-19T00:25:42.876Z] at boundExeca (file:///home/ubuntu/.nvm/versions/node/v22.13.0/lib/node_modules/pnpm/dist/pnpm.mjs:95547:49)
[2026-08-19T00:25:42.876Z] at sync2 (file:///home/ubuntu/.nvm/versions/node/v22.13.0/lib/node_modules/pnpm/dist/pnpm.mjs:95702:14)
[2026-08-19T00:25:42.876Z] at runPnpmCli (file:///home/ubuntu/.nvm/versions/node/v22.13.0/lib/node_modules/pnpm/dist/pnpm.mjs:252538:5)
[2026-08-19T00:25:42.876Z] at runDepsStatusCheck (file:///home/ubuntu/.nvm/versions/node/v22.13.0/lib/node_modules/pnpm/dist/pnpm.mjs:254302:7)
[2026-08-19T00:25:42.895Z] Dev server exited with code 1
